// Jest Snapshot v1, https://goo.gl/fbAQLP

exports[`it renders correctly 1`] = `
Object {
  "component": App {
    "$$": Object {
      "after_update": Array [],
      "before_update": Array [],
      "bound": Object {},
      "callbacks": Object {},
      "context": Map {},
      "ctx": Array [
        Array [],
        Array [],
        Array [],
        Array [],
        Array [],
        Array [],
        [Function],
        [Function],
        "Inferno",
      ],
      "dirty": Array [
        -1,
      ],
      "fragment": Object {
        "c": [Function],
        "d": [Function],
        "i": [Function],
        "l": [Function],
        "m": [Function],
        "o": [Function],
        "p": [Function],
      },
      "not_equal": [Function],
      "on_destroy": Array [
        [Function],
      ],
      "on_mount": Array [],
      "props": Object {
        "name": 8,
      },
      "update": [Function],
    },
    "$capture_state": [Function],
    "$inject_state": [Function],
    "$set": [Function],
  },
  "container": <body>
    <div>
      <main
        class="svelte-1t76zzn"
      >
        <h1
          class="svelte-1t76zzn"
        >
          Ponies and Ballerinas!
        </h1>
         
        <p
          class="subheader svelte-1t76zzn"
        >
          Edgar Degas is like an eight-year-old girl.  It's fantastic.
        </p>
         
        <nav>
          <button
            class="nav-button svelte-1t76zzn"
            id="photos"
          >
            Photographs
          </button>
           
          <button
            class="nav-button svelte-1t76zzn"
            id="sketches"
          >
            Drawings
          </button>
           
          <button
            class="nav-button svelte-1t76zzn"
            id="paintings"
          >
            Paintings
          </button>
           
          <button
            class="nav-button svelte-1t76zzn"
            id="bronze"
          >
            Sculptures
          </button>
           
          <button
            class="nav-button svelte-1t76zzn"
            id="misc"
          >
            Other
          </button>
        </nav>
         
        <h3
          class="instructions svelte-1t76zzn"
        >
          Click a button to see Degas's artwork by medium, then journey through the gallery...
        </h3>
         
        <div
          class="art-container svelte-1t76zzn"
        />
      </main>
    </div>
  </body>,
  "debug": [Function],
  "findAllByAltText": [Function],
  "findAllByDisplayValue": [Function],
  "findAllByLabelText": [Function],
  "findAllByPlaceholderText": [Function],
  "findAllByRole": [Function],
  "findAllByTestId": [Function],
  "findAllByText": [Function],
  "findAllByTitle": [Function],
  "findByAltText": [Function],
  "findByDisplayValue": [Function],
  "findByLabelText": [Function],
  "findByPlaceholderText": [Function],
  "findByRole": [Function],
  "findByTestId": [Function],
  "findByText": [Function],
  "findByTitle": [Function],
  "getAllByAltText": [Function],
  "getAllByDisplayValue": [Function],
  "getAllByLabelText": [Function],
  "getAllByPlaceholderText": [Function],
  "getAllByRole": [Function],
  "getAllByTestId": [Function],
  "getAllByText": [Function],
  "getAllByTitle": [Function],
  "getByAltText": [Function],
  "getByDisplayValue": [Function],
  "getByLabelText": [Function],
  "getByPlaceholderText": [Function],
  "getByRole": [Function],
  "getByTestId": [Function],
  "getByText": [Function],
  "getByTitle": [Function],
  "queryAllByAltText": [Function],
  "queryAllByDisplayValue": [Function],
  "queryAllByLabelText": [Function],
  "queryAllByPlaceholderText": [Function],
  "queryAllByRole": [Function],
  "queryAllByTestId": [Function],
  "queryAllByText": [Function],
  "queryAllByTitle": [Function],
  "queryByAltText": [Function],
  "queryByDisplayValue": [Function],
  "queryByLabelText": [Function],
  "queryByPlaceholderText": [Function],
  "queryByRole": [Function],
  "queryByTestId": [Function],
  "queryByText": [Function],
  "queryByTitle": [Function],
  "rerender": [Function],
  "unmount": [Function],
}
`;
